// Jest Snapshot v1, https://goo.gl/fbAQLP

exports[`ZwiftWorkoutOptimizer optimize should return the optimized workout 1`] = `
[
  {
    "workout_file": [
      {
        "author": [
          {
            "#text": "Somebody",
          },
        ],
      },
      {
        "name": [
          {
            "#text": "Something (optimized)",
          },
        ],
      },
      {
        "description": [
          {
            "#text": "Some description
Optimized on XP by https://jonas.verhoelen.de/optimize-zwift-workout-xp/",
          },
        ],
      },
      {
        "sportType": [
          {
            "#text": "bike",
          },
        ],
      },
      {
        "tags": [
          {
            ":@": {
              "attributename": "Some",
            },
            "tag": [],
          },
          {
            ":@": {
              "attributename": "Tags",
            },
            "tag": [],
          },
          {
            ":@": {
              "attributename": "XP optimized",
            },
            "tag": [],
          },
        ],
      },
      {
        "workout": [
          {
            ":@": {
              "attributeOffDuration": "60",
              "attributeOffPower": "0.464",
              "attributeOnDuration": "60",
              "attributeOnPower": "0.450",
              "attributeRepeat": "1",
            },
            "IntervalsT": [],
          },
          {
            ":@": {
              "attributeOffDuration": "60",
              "attributeOffPower": "0.493",
              "attributeOnDuration": "60",
              "attributeOnPower": "0.479",
              "attributeRepeat": "1",
            },
            "IntervalsT": [],
          },
          {
            ":@": {
              "attributeOffDuration": "60",
              "attributeOffPower": "0.521",
              "attributeOnDuration": "60",
              "attributeOnPower": "0.507",
              "attributeRepeat": "1",
            },
            "IntervalsT": [],
          },
          {
            ":@": {
              "attributeOffDuration": "60",
              "attributeOffPower": "0.550",
              "attributeOnDuration": "60",
              "attributeOnPower": "0.536",
              "attributeRepeat": "1",
            },
            "IntervalsT": [],
          },
          {
            ":@": {
              "attributeOffDuration": "60",
              "attributeOffPower": "0.579",
              "attributeOnDuration": "60",
              "attributeOnPower": "0.564",
              "attributeRepeat": "1",
            },
            "IntervalsT": [],
          },
          {
            ":@": {
              "attributeOffDuration": "60",
              "attributeOffPower": "0.607",
              "attributeOnDuration": "60",
              "attributeOnPower": "0.593",
              "attributeRepeat": "1",
            },
            "IntervalsT": [],
          },
          {
            ":@": {
              "attributeOffDuration": "60",
              "attributeOffPower": "0.636",
              "attributeOnDuration": "60",
              "attributeOnPower": "0.621",
              "attributeRepeat": "1",
            },
            "IntervalsT": [],
          },
          {
            ":@": {
              "attributeOffDuration": "40",
              "attributeOffPower": "0.65",
              "attributeOnDuration": "40",
              "attributeOnPower": "0.65",
              "attributeRepeat": "1",
            },
            "IntervalsT": [],
          },
          {
            ":@": {
              "attributeDuration": "20",
              "attributePowerHigh": "1",
              "attributePowerLow": "0.7",
            },
            "Warmup": [],
          },
          {
            ":@": {
              "attributeCadence": "70",
              "attributeOffDuration": "60",
              "attributeOffPower": "0.6",
              "attributeOnDuration": "60",
              "attributeOnPower": "0.6",
              "attributeRepeat": "1",
            },
            "IntervalsT": [],
          },
          {
            ":@": {
              "attributeCadence": "70",
              "attributeOffDuration": "30",
              "attributeOffPower": "0.6",
              "attributeOnDuration": "30",
              "attributeOnPower": "0.6",
              "attributeRepeat": "1",
            },
            "IntervalsT": [],
          },
          {
            ":@": {
              "attributeCadence": "80",
              "attributeOffDuration": "60",
              "attributeOffPower": "0.7",
              "attributeOnDuration": "60",
              "attributeOnPower": "0.7",
              "attributeRepeat": "1",
            },
            "IntervalsT": [],
          },
          {
            ":@": {
              "attributeCadence": "80",
              "attributeOffDuration": "30",
              "attributeOffPower": "0.7",
              "attributeOnDuration": "30",
              "attributeOnPower": "0.7",
              "attributeRepeat": "1",
            },
            "IntervalsT": [],
          },
          {
            ":@": {
              "attributeCadence": "90",
              "attributeOffDuration": "60",
              "attributeOffPower": "0.8",
              "attributeOnDuration": "60",
              "attributeOnPower": "0.8",
              "attributeRepeat": "1",
            },
            "IntervalsT": [],
          },
          {
            ":@": {
              "attributeCadence": "90",
              "attributeOffDuration": "30",
              "attributeOffPower": "0.8",
              "attributeOnDuration": "30",
              "attributeOnPower": "0.8",
              "attributeRepeat": "1",
            },
            "IntervalsT": [],
          },
          {
            ":@": {
              "attributeCadence": "100",
              "attributeOffDuration": "60",
              "attributeOffPower": "0.9",
              "attributeOnDuration": "60",
              "attributeOnPower": "0.9",
              "attributeRepeat": "1",
            },
            "IntervalsT": [],
          },
          {
            ":@": {
              "attributeCadence": "100",
              "attributeOffDuration": "30",
              "attributeOffPower": "0.9",
              "attributeOnDuration": "30",
              "attributeOnPower": "0.9",
              "attributeRepeat": "1",
            },
            "IntervalsT": [],
          },
          {
            ":@": {
              "attributeCadence": "100",
              "attributeDuration": "20",
              "attributePower": "1.2",
            },
            "SteadyState": [],
          },
          {
            ":@": {
              "attributeCadence": "85",
              "attributeOffDuration": "60",
              "attributeOffPower": "0.55",
              "attributeOnDuration": "60",
              "attributeOnPower": "0.55",
              "attributeRepeat": "1",
            },
            "IntervalsT": [],
          },
          {
            ":@": {
              "attributeCadence": "85",
              "attributeOffDuration": "60",
              "attributeOffPower": "0.55",
              "attributeOnDuration": "60",
              "attributeOnPower": "0.55",
              "attributeRepeat": "1",
            },
            "IntervalsT": [],
          },
          {
            ":@": {
              "attributeCadence": "85",
              "attributeOffDuration": "30",
              "attributeOffPower": "0.55",
              "attributeOnDuration": "30",
              "attributeOnPower": "0.55",
              "attributeRepeat": "1",
            },
            "IntervalsT": [],
          },
          {
            ":@": {
              "attributeOffDuration": "30",
              "attributeOffPower": "0.53",
              "attributeOnDuration": "30",
              "attributeOnPower": "1.33",
              "attributeRepeat": "10",
            },
            "IntervalsT": [],
          },
          {
            ":@": {
              "attributeOffDuration": "60",
              "attributeOffPower": "0.55",
              "attributeOnDuration": "60",
              "attributeOnPower": "0.55",
              "attributeRepeat": "1",
            },
            "IntervalsT": [],
          },
          {
            ":@": {
              "attributeOffDuration": "60",
              "attributeOffPower": "0.55",
              "attributeOnDuration": "60",
              "attributeOnPower": "0.55",
              "attributeRepeat": "1",
            },
            "IntervalsT": [],
          },
          {
            ":@": {
              "attributeOffDuration": "30",
              "attributeOffPower": "0.55",
              "attributeOnDuration": "30",
              "attributeOnPower": "0.55",
              "attributeRepeat": "1",
            },
            "IntervalsT": [],
          },
          {
            ":@": {
              "attributeOffDuration": "30",
              "attributeOffPower": "0.53",
              "attributeOnDuration": "30",
              "attributeOnPower": "1.33",
              "attributeRepeat": "10",
            },
            "IntervalsT": [],
          },
          {
            ":@": {
              "attributeOffDuration": "60",
              "attributeOffPower": "0.55",
              "attributeOnDuration": "60",
              "attributeOnPower": "0.55",
              "attributeRepeat": "1",
            },
            "IntervalsT": [],
          },
          {
            ":@": {
              "attributeOffDuration": "60",
              "attributeOffPower": "0.55",
              "attributeOnDuration": "60",
              "attributeOnPower": "0.55",
              "attributeRepeat": "1",
            },
            "IntervalsT": [],
          },
          {
            ":@": {
              "attributeOffDuration": "30",
              "attributeOffPower": "0.55",
              "attributeOnDuration": "30",
              "attributeOnPower": "0.55",
              "attributeRepeat": "1",
            },
            "IntervalsT": [],
          },
          {
            ":@": {
              "attributeOffDuration": "30",
              "attributeOffPower": "0.53",
              "attributeOnDuration": "30",
              "attributeOnPower": "1.33",
              "attributeRepeat": "10",
            },
            "IntervalsT": [],
          },
          {
            ":@": {
              "attributeOffDuration": "60",
              "attributeOffPower": "0.619",
              "attributeOnDuration": "60",
              "attributeOnPower": "0.630",
              "attributeRepeat": "1",
            },
            "IntervalsT": [],
          },
          {
            ":@": {
              "attributeOffDuration": "60",
              "attributeOffPower": "0.597",
              "attributeOnDuration": "60",
              "attributeOnPower": "0.608",
              "attributeRepeat": "1",
            },
            "IntervalsT": [],
          },
          {
            ":@": {
              "attributeOffDuration": "60",
              "attributeOffPower": "0.574",
              "attributeOnDuration": "60",
              "attributeOnPower": "0.586",
              "attributeRepeat": "1",
            },
            "IntervalsT": [],
          },
          {
            ":@": {
              "attributeOffDuration": "60",
              "attributeOffPower": "0.552",
              "attributeOnDuration": "60",
              "attributeOnPower": "0.563",
              "attributeRepeat": "1",
            },
            "IntervalsT": [],
          },
          {
            ":@": {
              "attributeOffDuration": "60",
              "attributeOffPower": "0.530",
              "attributeOnDuration": "60",
              "attributeOnPower": "0.541",
              "attributeRepeat": "1",
            },
            "IntervalsT": [],
          },
          {
            ":@": {
              "attributeOffDuration": "60",
              "attributeOffPower": "0.508",
              "attributeOnDuration": "60",
              "attributeOnPower": "0.519",
              "attributeRepeat": "1",
            },
            "IntervalsT": [],
          },
          {
            ":@": {
              "attributeOffDuration": "60",
              "attributeOffPower": "0.486",
              "attributeOnDuration": "60",
              "attributeOnPower": "0.497",
              "attributeRepeat": "1",
            },
            "IntervalsT": [],
          },
          {
            ":@": {
              "attributeOffDuration": "60",
              "attributeOffPower": "0.463",
              "attributeOnDuration": "60",
              "attributeOnPower": "0.474",
              "attributeRepeat": "1",
            },
            "IntervalsT": [],
          },
          {
            ":@": {
              "attributeOffDuration": "60",
              "attributeOffPower": "0.441",
              "attributeOnDuration": "60",
              "attributeOnPower": "0.452",
              "attributeRepeat": "1",
            },
            "IntervalsT": [],
          },
        ],
      },
    ],
  },
]
`;
